// Jest Snapshot v1, https://goo.gl/fbAQLP

exports[`<Box /> Renders without fail. (Snapshot) 1`] = `
.c0 {
  box-sizing: border-box;
  min-width: 0;
}

<div
  className="c0"
/>
`;
