// Jest Snapshot v1, https://goo.gl/fbAQLP

exports[`<Paragraph /> Renders without fail. (Snapshot) 1`] = `
.c0 {
  margin-top: 0;
  margin-bottom: 15px;
  font-size: 16px;
}

<p
  className="c0"
  fontSize="16px"
/>
`;
