// Jest Snapshot v1, https://goo.gl/fbAQLP

exports[`<Flex /> Renders without fail. (Snapshot) 1`] = `
.c0 {
  box-sizing: border-box;
  min-width: 0;
  display: -webkit-box;
  display: -webkit-flex;
  display: -ms-flexbox;
  display: flex;
}

<div
  className="Box-ahwj11-0 c0"
/>
`;
